<?xml version="1.0" encoding="utf-8"?>
<TestRun id="30ee5360-1258-4351-83e3-081ba4dd5695" name="karcagtamas@KARCAG-PC 2023-04-09 12:50:09" runUser="KARCAG-PC\karcagtamas" xmlns="http://microsoft.com/schemas/VisualStudio/TeamTest/2010">
  <Times creation="2023-04-09T12:50:09.7890494+02:00" queuing="2023-04-09T12:50:09.7890496+02:00" start="2023-04-09T12:50:09.0934251+02:00" finish="2023-04-09T12:50:09.8292398+02:00" />
  <TestSettings name="default" id="c7660a91-38d1-4a6e-8c73-a771e7e6626a">
    <Deployment runDeploymentRoot="karcagtamas_KARCAG-PC_2023-04-09_12_50_09" />
  </TestSettings>
  <Results>
    <UnitTestResult executionId="c0b1fe0c-2572-410a-9fe9-f8dd18506a7d" testId="049d6faf-f184-9642-74f7-508b65aad49d" testName="LogLevelsTests.Info reformat" computerName="KARCAG-PC" duration="00:00:00.0002337" startTime="2023-04-09T12:50:09.7664463+02:00" endTime="2023-04-09T12:50:09.7664463+02:00" testType="13cdc9d9-ddb5-4fa4-a97d-d965ccfc6d4b" outcome="Passed" testListId="8c84fa94-04c1-424b-9868-57a2d4851a1d" relativeResultsDirectory="c0b1fe0c-2572-410a-9fe9-f8dd18506a7d" />
    <UnitTestResult executionId="aa9b43ad-cdae-42cd-acff-a8ab068cddb0" testId="6baf0311-a493-6fbf-87dd-93b802c6f47c" testName="LogLevelsTests.Warning reformat" computerName="KARCAG-PC" duration="00:00:00.0026573" startTime="2023-04-09T12:50:09.7436726+02:00" endTime="2023-04-09T12:50:09.7436730+02:00" testType="13cdc9d9-ddb5-4fa4-a97d-d965ccfc6d4b" outcome="Passed" testListId="8c84fa94-04c1-424b-9868-57a2d4851a1d" relativeResultsDirectory="aa9b43ad-cdae-42cd-acff-a8ab068cddb0" />
    <UnitTestResult executionId="94772db8-a5ca-4c06-8e68-bcffc58aac34" testId="e95b8a4b-daf2-2005-2c7a-4f4d204d7516" testName="LogLevelsTests.Info message" computerName="KARCAG-PC" duration="00:00:00.0002520" startTime="2023-04-09T12:50:09.7444936+02:00" endTime="2023-04-09T12:50:09.7444937+02:00" testType="13cdc9d9-ddb5-4fa4-a97d-d965ccfc6d4b" outcome="Passed" testListId="8c84fa94-04c1-424b-9868-57a2d4851a1d" relativeResultsDirectory="94772db8-a5ca-4c06-8e68-bcffc58aac34" />
    <UnitTestResult executionId="954464d1-93e7-4d01-bbc9-8219f9b9ee74" testId="7f011419-35f7-cb4b-c833-1c5f9117d69c" testName="LogLevelsTests.Error reformat" computerName="KARCAG-PC" duration="00:00:00.0002455" startTime="2023-04-09T12:50:09.7441809+02:00" endTime="2023-04-09T12:50:09.7441810+02:00" testType="13cdc9d9-ddb5-4fa4-a97d-d965ccfc6d4b" outcome="Passed" testListId="8c84fa94-04c1-424b-9868-57a2d4851a1d" relativeResultsDirectory="954464d1-93e7-4d01-bbc9-8219f9b9ee74" />
    <UnitTestResult executionId="799f345c-5ce5-40cd-9ce4-ffe35bc14dc2" testId="5af0942e-579b-8d26-53f5-c3b4a65a3b0c" testName="LogLevelsTests.Error log level" computerName="KARCAG-PC" duration="00:00:00.0193113" startTime="2023-04-09T12:50:09.7403631+02:00" endTime="2023-04-09T12:50:09.7403771+02:00" testType="13cdc9d9-ddb5-4fa4-a97d-d965ccfc6d4b" outcome="Passed" testListId="8c84fa94-04c1-424b-9868-57a2d4851a1d" relativeResultsDirectory="799f345c-5ce5-40cd-9ce4-ffe35bc14dc2" />
    <UnitTestResult executionId="e8010b5f-fe29-4d1e-9742-a28937133949" testId="0507837b-2eb8-6bfa-c988-2e955479cb97" testName="LogLevelsTests.Info log level" computerName="KARCAG-PC" duration="00:00:00.0002865" startTime="2023-04-09T12:50:09.7448156+02:00" endTime="2023-04-09T12:50:09.7448157+02:00" testType="13cdc9d9-ddb5-4fa4-a97d-d965ccfc6d4b" outcome="Passed" testListId="8c84fa94-04c1-424b-9868-57a2d4851a1d" relativeResultsDirectory="e8010b5f-fe29-4d1e-9742-a28937133949" />
    <UnitTestResult executionId="164d5c0c-341c-4ff0-9108-43a92eef0198" testId="366c6da0-a02b-194b-bf22-5c2b3ca62093" testName="LogLevelsTests.Message with leading and trailing white space" computerName="KARCAG-PC" duration="00:00:00.0003458" startTime="2023-04-09T12:50:09.7430848+02:00" endTime="2023-04-09T12:50:09.7430848+02:00" testType="13cdc9d9-ddb5-4fa4-a97d-d965ccfc6d4b" outcome="Passed" testListId="8c84fa94-04c1-424b-9868-57a2d4851a1d" relativeResultsDirectory="164d5c0c-341c-4ff0-9108-43a92eef0198" />
    <UnitTestResult executionId="28d02fb3-7f55-4b1f-ba49-0e71b258a501" testId="51ef929d-ccb5-949c-0887-1b897a873074" testName="LogLevelsTests.Warning log level" computerName="KARCAG-PC" duration="00:00:00.0002530" startTime="2023-04-09T12:50:09.7665229+02:00" endTime="2023-04-09T12:50:09.7665229+02:00" testType="13cdc9d9-ddb5-4fa4-a97d-d965ccfc6d4b" outcome="Passed" testListId="8c84fa94-04c1-424b-9868-57a2d4851a1d" relativeResultsDirectory="28d02fb3-7f55-4b1f-ba49-0e71b258a501" />
    <UnitTestResult executionId="b8b90f54-27a5-4882-b820-6d47aebe1e7d" testId="e2ce1a8d-7d67-dcfe-0aed-b4a04167cd48" testName="LogLevelsTests.Error message" computerName="KARCAG-PC" duration="00:00:00.0003259" startTime="2023-04-09T12:50:09.7430656+02:00" endTime="2023-04-09T12:50:09.7430656+02:00" testType="13cdc9d9-ddb5-4fa4-a97d-d965ccfc6d4b" outcome="Passed" testListId="8c84fa94-04c1-424b-9868-57a2d4851a1d" relativeResultsDirectory="b8b90f54-27a5-4882-b820-6d47aebe1e7d" />
    <UnitTestResult executionId="56b868a4-878e-4a2b-87cc-d400e2c1ad02" testId="2da3ed64-0685-ba1a-c772-912017cdfdf7" testName="LogLevelsTests.Reformat with leading and trailing white space" computerName="KARCAG-PC" duration="00:00:00.0002694" startTime="2023-04-09T12:50:09.7440187+02:00" endTime="2023-04-09T12:50:09.7440190+02:00" testType="13cdc9d9-ddb5-4fa4-a97d-d965ccfc6d4b" outcome="Passed" testListId="8c84fa94-04c1-424b-9868-57a2d4851a1d" relativeResultsDirectory="56b868a4-878e-4a2b-87cc-d400e2c1ad02" />
    <UnitTestResult executionId="2bec0c7d-6019-48fd-8ac5-ab20d91b45c2" testId="17c61eba-34ad-afb5-adef-417a03da5de3" testName="LogLevelsTests.Warning message" computerName="KARCAG-PC" duration="00:00:00.0005022" startTime="2023-04-09T12:50:09.7427471+02:00" endTime="2023-04-09T12:50:09.7427472+02:00" testType="13cdc9d9-ddb5-4fa4-a97d-d965ccfc6d4b" outcome="Passed" testListId="8c84fa94-04c1-424b-9868-57a2d4851a1d" relativeResultsDirectory="2bec0c7d-6019-48fd-8ac5-ab20d91b45c2" />
  </Results>
  <TestDefinitions>
    <UnitTest name="LogLevelsTests.Reformat with leading and trailing white space" storage="t:\repositories\myexercism\fsharp\log-levels\bin\debug\net7.0\loglevels.dll" id="2da3ed64-0685-ba1a-c772-912017cdfdf7">
      <Execution id="56b868a4-878e-4a2b-87cc-d400e2c1ad02" />
      <TestMethod codeBase="t:\Repositories\MyExercism\fsharp\log-levels\bin\Debug\net7.0\LogLevels.dll" adapterTypeName="executor://xunit/VsTestRunner2/netcoreapp" className="LogLevelsTests" name="Reformat with leading and trailing white space" />
    </UnitTest>
    <UnitTest name="LogLevelsTests.Info log level" storage="t:\repositories\myexercism\fsharp\log-levels\bin\debug\net7.0\loglevels.dll" id="0507837b-2eb8-6bfa-c988-2e955479cb97">
      <Execution id="e8010b5f-fe29-4d1e-9742-a28937133949" />
      <TestMethod codeBase="t:\Repositories\MyExercism\fsharp\log-levels\bin\Debug\net7.0\LogLevels.dll" adapterTypeName="executor://xunit/VsTestRunner2/netcoreapp" className="LogLevelsTests" name="Info log level" />
    </UnitTest>
    <UnitTest name="LogLevelsTests.Warning message" storage="t:\repositories\myexercism\fsharp\log-levels\bin\debug\net7.0\loglevels.dll" id="17c61eba-34ad-afb5-adef-417a03da5de3">
      <Execution id="2bec0c7d-6019-48fd-8ac5-ab20d91b45c2" />
      <TestMethod codeBase="t:\Repositories\MyExercism\fsharp\log-levels\bin\Debug\net7.0\LogLevels.dll" adapterTypeName="executor://xunit/VsTestRunner2/netcoreapp" className="LogLevelsTests" name="Warning message" />
    </UnitTest>
    <UnitTest name="LogLevelsTests.Info reformat" storage="t:\repositories\myexercism\fsharp\log-levels\bin\debug\net7.0\loglevels.dll" id="049d6faf-f184-9642-74f7-508b65aad49d">
      <Execution id="c0b1fe0c-2572-410a-9fe9-f8dd18506a7d" />
      <TestMethod codeBase="t:\Repositories\MyExercism\fsharp\log-levels\bin\Debug\net7.0\LogLevels.dll" adapterTypeName="executor://xunit/VsTestRunner2/netcoreapp" className="LogLevelsTests" name="Info reformat" />
    </UnitTest>
    <UnitTest name="LogLevelsTests.Error log level" storage="t:\repositories\myexercism\fsharp\log-levels\bin\debug\net7.0\loglevels.dll" id="5af0942e-579b-8d26-53f5-c3b4a65a3b0c">
      <Execution id="799f345c-5ce5-40cd-9ce4-ffe35bc14dc2" />
      <TestMethod codeBase="t:\Repositories\MyExercism\fsharp\log-levels\bin\Debug\net7.0\LogLevels.dll" adapterTypeName="executor://xunit/VsTestRunner2/netcoreapp" className="LogLevelsTests" name="Error log level" />
    </UnitTest>
    <UnitTest name="LogLevelsTests.Info message" storage="t:\repositories\myexercism\fsharp\log-levels\bin\debug\net7.0\loglevels.dll" id="e95b8a4b-daf2-2005-2c7a-4f4d204d7516">
      <Execution id="94772db8-a5ca-4c06-8e68-bcffc58aac34" />
      <TestMethod codeBase="t:\Repositories\MyExercism\fsharp\log-levels\bin\Debug\net7.0\LogLevels.dll" adapterTypeName="executor://xunit/VsTestRunner2/netcoreapp" className="LogLevelsTests" name="Info message" />
    </UnitTest>
    <UnitTest name="LogLevelsTests.Warning reformat" storage="t:\repositories\myexercism\fsharp\log-levels\bin\debug\net7.0\loglevels.dll" id="6baf0311-a493-6fbf-87dd-93b802c6f47c">
      <Execution id="aa9b43ad-cdae-42cd-acff-a8ab068cddb0" />
      <TestMethod codeBase="t:\Repositories\MyExercism\fsharp\log-levels\bin\Debug\net7.0\LogLevels.dll" adapterTypeName="executor://xunit/VsTestRunner2/netcoreapp" className="LogLevelsTests" name="Warning reformat" />
    </UnitTest>
    <UnitTest name="LogLevelsTests.Error message" storage="t:\repositories\myexercism\fsharp\log-levels\bin\debug\net7.0\loglevels.dll" id="e2ce1a8d-7d67-dcfe-0aed-b4a04167cd48">
      <Execution id="b8b90f54-27a5-4882-b820-6d47aebe1e7d" />
      <TestMethod codeBase="t:\Repositories\MyExercism\fsharp\log-levels\bin\Debug\net7.0\LogLevels.dll" adapterTypeName="executor://xunit/VsTestRunner2/netcoreapp" className="LogLevelsTests" name="Error message" />
    </UnitTest>
    <UnitTest name="LogLevelsTests.Warning log level" storage="t:\repositories\myexercism\fsharp\log-levels\bin\debug\net7.0\loglevels.dll" id="51ef929d-ccb5-949c-0887-1b897a873074">
      <Execution id="28d02fb3-7f55-4b1f-ba49-0e71b258a501" />
      <TestMethod codeBase="t:\Repositories\MyExercism\fsharp\log-levels\bin\Debug\net7.0\LogLevels.dll" adapterTypeName="executor://xunit/VsTestRunner2/netcoreapp" className="LogLevelsTests" name="Warning log level" />
    </UnitTest>
    <UnitTest name="LogLevelsTests.Error reformat" storage="t:\repositories\myexercism\fsharp\log-levels\bin\debug\net7.0\loglevels.dll" id="7f011419-35f7-cb4b-c833-1c5f9117d69c">
      <Execution id="954464d1-93e7-4d01-bbc9-8219f9b9ee74" />
      <TestMethod codeBase="t:\Repositories\MyExercism\fsharp\log-levels\bin\Debug\net7.0\LogLevels.dll" adapterTypeName="executor://xunit/VsTestRunner2/netcoreapp" className="LogLevelsTests" name="Error reformat" />
    </UnitTest>
    <UnitTest name="LogLevelsTests.Message with leading and trailing white space" storage="t:\repositories\myexercism\fsharp\log-levels\bin\debug\net7.0\loglevels.dll" id="366c6da0-a02b-194b-bf22-5c2b3ca62093">
      <Execution id="164d5c0c-341c-4ff0-9108-43a92eef0198" />
      <TestMethod codeBase="t:\Repositories\MyExercism\fsharp\log-levels\bin\Debug\net7.0\LogLevels.dll" adapterTypeName="executor://xunit/VsTestRunner2/netcoreapp" className="LogLevelsTests" name="Message with leading and trailing white space" />
    </UnitTest>
  </TestDefinitions>
  <TestEntries>
    <TestEntry testId="049d6faf-f184-9642-74f7-508b65aad49d" executionId="c0b1fe0c-2572-410a-9fe9-f8dd18506a7d" testListId="8c84fa94-04c1-424b-9868-57a2d4851a1d" />
    <TestEntry testId="6baf0311-a493-6fbf-87dd-93b802c6f47c" executionId="aa9b43ad-cdae-42cd-acff-a8ab068cddb0" testListId="8c84fa94-04c1-424b-9868-57a2d4851a1d" />
    <TestEntry testId="e95b8a4b-daf2-2005-2c7a-4f4d204d7516" executionId="94772db8-a5ca-4c06-8e68-bcffc58aac34" testListId="8c84fa94-04c1-424b-9868-57a2d4851a1d" />
    <TestEntry testId="7f011419-35f7-cb4b-c833-1c5f9117d69c" executionId="954464d1-93e7-4d01-bbc9-8219f9b9ee74" testListId="8c84fa94-04c1-424b-9868-57a2d4851a1d" />
    <TestEntry testId="5af0942e-579b-8d26-53f5-c3b4a65a3b0c" executionId="799f345c-5ce5-40cd-9ce4-ffe35bc14dc2" testListId="8c84fa94-04c1-424b-9868-57a2d4851a1d" />
    <TestEntry testId="0507837b-2eb8-6bfa-c988-2e955479cb97" executionId="e8010b5f-fe29-4d1e-9742-a28937133949" testListId="8c84fa94-04c1-424b-9868-57a2d4851a1d" />
    <TestEntry testId="366c6da0-a02b-194b-bf22-5c2b3ca62093" executionId="164d5c0c-341c-4ff0-9108-43a92eef0198" testListId="8c84fa94-04c1-424b-9868-57a2d4851a1d" />
    <TestEntry testId="51ef929d-ccb5-949c-0887-1b897a873074" executionId="28d02fb3-7f55-4b1f-ba49-0e71b258a501" testListId="8c84fa94-04c1-424b-9868-57a2d4851a1d" />
    <TestEntry testId="e2ce1a8d-7d67-dcfe-0aed-b4a04167cd48" executionId="b8b90f54-27a5-4882-b820-6d47aebe1e7d" testListId="8c84fa94-04c1-424b-9868-57a2d4851a1d" />
    <TestEntry testId="2da3ed64-0685-ba1a-c772-912017cdfdf7" executionId="56b868a4-878e-4a2b-87cc-d400e2c1ad02" testListId="8c84fa94-04c1-424b-9868-57a2d4851a1d" />
    <TestEntry testId="17c61eba-34ad-afb5-adef-417a03da5de3" executionId="2bec0c7d-6019-48fd-8ac5-ab20d91b45c2" testListId="8c84fa94-04c1-424b-9868-57a2d4851a1d" />
  </TestEntries>
  <TestLists>
    <TestList name="Results Not in a List" id="8c84fa94-04c1-424b-9868-57a2d4851a1d" />
    <TestList name="All Loaded Results" id="19431567-8539-422a-85d7-44ee4e166bda" />
  </TestLists>
  <ResultSummary outcome="Completed">
    <Counters total="11" executed="11" passed="11" failed="0" error="0" timeout="0" aborted="0" inconclusive="0" passedButRunAborted="0" notRunnable="0" notExecuted="0" disconnected="0" warning="0" completed="0" inProgress="0" pending="0" />
    <Output>
      <StdOut>[xUnit.net 00:00:00.00] xUnit.net VSTest Adapter v2.4.3+1b45f5407b (64-bit .NET 7.0.4)&#xD;
[xUnit.net 00:00:00.25]   Discovering: LogLevels&#xD;
[xUnit.net 00:00:00.27]   Discovered:  LogLevels&#xD;
[xUnit.net 00:00:00.27]   Starting:    LogLevels&#xD;
[xUnit.net 00:00:00.35]   Finished:    LogLevels&#xD;
</StdOut>
    </Output>
  </ResultSummary>
</TestRun>