<?xml version="1.0" encoding="utf-8"?>
<TestRun id="d26d6db6-a4b6-4dcf-a2df-c086b1b8c58d" name="karcagtamas@KARCAG-PC 2023-04-09 13:11:28" runUser="KARCAG-PC\karcagtamas" xmlns="http://microsoft.com/schemas/VisualStudio/TeamTest/2010">
  <Times creation="2023-04-09T13:11:28.6172261+02:00" queuing="2023-04-09T13:11:28.6172263+02:00" start="2023-04-09T13:11:27.8820586+02:00" finish="2023-04-09T13:11:28.6606011+02:00" />
  <TestSettings name="default" id="c0579179-74f8-499a-89f3-7925f3d63870">
    <Deployment runDeploymentRoot="karcagtamas_KARCAG-PC_2023-04-09_13_11_28" />
  </TestSettings>
  <Results>
    <UnitTestResult executionId="54b40e90-5d89-48cf-b49d-6620c4600f0c" testId="89028f87-cca5-1fb1-7e21-32b99afb000e" testName="ValentinesDayTests.Rate board game" computerName="KARCAG-PC" duration="00:00:00.0003872" startTime="2023-04-09T13:11:28.5700854+02:00" endTime="2023-04-09T13:11:28.5700854+02:00" testType="13cdc9d9-ddb5-4fa4-a97d-d965ccfc6d4b" outcome="Passed" testListId="8c84fa94-04c1-424b-9868-57a2d4851a1d" relativeResultsDirectory="54b40e90-5d89-48cf-b49d-6620c4600f0c" />
    <UnitTestResult executionId="5228d065-e5fe-461b-beba-ba64036be4a8" testId="a5926dde-360f-68e9-5e41-a167f8fc96ce" testName="ValentinesDayTests.Rate walk of 4 kilometers" computerName="KARCAG-PC" duration="00:00:00.0003615" startTime="2023-04-09T13:11:28.5701475+02:00" endTime="2023-04-09T13:11:28.5701475+02:00" testType="13cdc9d9-ddb5-4fa4-a97d-d965ccfc6d4b" outcome="Passed" testListId="8c84fa94-04c1-424b-9868-57a2d4851a1d" relativeResultsDirectory="5228d065-e5fe-461b-beba-ba64036be4a8" />
    <UnitTestResult executionId="8ab6cf30-7985-49f5-881d-9be0fe4c141c" testId="5600403c-053d-80dd-b0ed-25b14acec8e4" testName="ValentinesDayTests.Rate Turkish restaurant" computerName="KARCAG-PC" duration="00:00:00.0005398" startTime="2023-04-09T13:11:28.5924802+02:00" endTime="2023-04-09T13:11:28.5924803+02:00" testType="13cdc9d9-ddb5-4fa4-a97d-d965ccfc6d4b" outcome="Passed" testListId="8c84fa94-04c1-424b-9868-57a2d4851a1d" relativeResultsDirectory="8ab6cf30-7985-49f5-881d-9be0fe4c141c" />
    <UnitTestResult executionId="bfd1bb03-4cf7-401a-9b0f-f0bb579493b3" testId="cbb8a0fc-bc4a-a5de-8834-63c4589d0f60" testName="ValentinesDayTests.Rate thriller movie" computerName="KARCAG-PC" duration="00:00:00.0002952" startTime="2023-04-09T13:11:28.5927155+02:00" endTime="2023-04-09T13:11:28.5927156+02:00" testType="13cdc9d9-ddb5-4fa4-a97d-d965ccfc6d4b" outcome="Passed" testListId="8c84fa94-04c1-424b-9868-57a2d4851a1d" relativeResultsDirectory="bfd1bb03-4cf7-401a-9b0f-f0bb579493b3" />
    <UnitTestResult executionId="5319882f-2a00-4d3e-b602-e3d3d592f876" testId="28ae8385-bec4-fc6b-ee7f-a23b4f6eca4c" testName="ValentinesDayTests.Rate walk of 5 kilometers" computerName="KARCAG-PC" duration="00:00:00.0006087" startTime="2023-04-09T13:11:28.5697451+02:00" endTime="2023-04-09T13:11:28.5697452+02:00" testType="13cdc9d9-ddb5-4fa4-a97d-d965ccfc6d4b" outcome="Passed" testListId="8c84fa94-04c1-424b-9868-57a2d4851a1d" relativeResultsDirectory="5319882f-2a00-4d3e-b602-e3d3d592f876" />
    <UnitTestResult executionId="1f50db97-02b2-4eea-b1e5-abac0d82c0b5" testId="a293173a-581b-1322-9676-2bd25a5cf116" testName="ValentinesDayTests.Rate romance movie" computerName="KARCAG-PC" duration="00:00:00.0003194" startTime="2023-04-09T13:11:28.5705623+02:00" endTime="2023-04-09T13:11:28.5705624+02:00" testType="13cdc9d9-ddb5-4fa4-a97d-d965ccfc6d4b" outcome="Passed" testListId="8c84fa94-04c1-424b-9868-57a2d4851a1d" relativeResultsDirectory="1f50db97-02b2-4eea-b1e5-abac0d82c0b5" />
    <UnitTestResult executionId="1711b18b-66da-48c1-a3f9-a8fa7b16a0bb" testId="eb78a280-d9ba-3299-b304-aa4ba7b80ad3" testName="ValentinesDayTests.Rate walk over 5 kilometers" computerName="KARCAG-PC" duration="00:00:00.0305850" startTime="2023-04-09T13:11:28.5676169+02:00" endTime="2023-04-09T13:11:28.5676307+02:00" testType="13cdc9d9-ddb5-4fa4-a97d-d965ccfc6d4b" outcome="Passed" testListId="8c84fa94-04c1-424b-9868-57a2d4851a1d" relativeResultsDirectory="1711b18b-66da-48c1-a3f9-a8fa7b16a0bb" />
    <UnitTestResult executionId="ba69d3bf-d022-4249-a13d-88f033026206" testId="c35a3084-bbb6-41a5-1584-5cc86344223b" testName="ValentinesDayTests.Rate horror movie" computerName="KARCAG-PC" duration="00:00:00.0003140" startTime="2023-04-09T13:11:28.5927397+02:00" endTime="2023-04-09T13:11:28.5927398+02:00" testType="13cdc9d9-ddb5-4fa4-a97d-d965ccfc6d4b" outcome="Passed" testListId="8c84fa94-04c1-424b-9868-57a2d4851a1d" relativeResultsDirectory="ba69d3bf-d022-4249-a13d-88f033026206" />
    <UnitTestResult executionId="79ac43b6-366b-4887-ac5a-26092725bba1" testId="ccbcb7c1-43d7-83d3-ea5b-83c55d87a277" testName="ValentinesDayTests.Rate walk of 2 kilometers" computerName="KARCAG-PC" duration="00:00:00.0003288" startTime="2023-04-09T13:11:28.5701314+02:00" endTime="2023-04-09T13:11:28.5701315+02:00" testType="13cdc9d9-ddb5-4fa4-a97d-d965ccfc6d4b" outcome="Passed" testListId="8c84fa94-04c1-424b-9868-57a2d4851a1d" relativeResultsDirectory="79ac43b6-366b-4887-ac5a-26092725bba1" />
    <UnitTestResult executionId="cb0f8d75-a24b-4b8a-b46f-54068e6992d0" testId="ecd00fde-3a5c-c5e1-a70a-af41263dd8ca" testName="ValentinesDayTests.Rate crime movie" computerName="KARCAG-PC" duration="00:00:00.0006252" startTime="2023-04-09T13:11:28.5700629+02:00" endTime="2023-04-09T13:11:28.5700629+02:00" testType="13cdc9d9-ddb5-4fa4-a97d-d965ccfc6d4b" outcome="Passed" testListId="8c84fa94-04c1-424b-9868-57a2d4851a1d" relativeResultsDirectory="cb0f8d75-a24b-4b8a-b46f-54068e6992d0" />
    <UnitTestResult executionId="783da2b9-c7fb-453c-947a-9b4777cd3770" testId="395ebd10-a26f-adc4-3b1a-75599377ccf6" testName="ValentinesDayTests.Rate chilling" computerName="KARCAG-PC" duration="00:00:00.0003391" startTime="2023-04-09T13:11:28.5701184+02:00" endTime="2023-04-09T13:11:28.5701184+02:00" testType="13cdc9d9-ddb5-4fa4-a97d-d965ccfc6d4b" outcome="Passed" testListId="8c84fa94-04c1-424b-9868-57a2d4851a1d" relativeResultsDirectory="783da2b9-c7fb-453c-947a-9b4777cd3770" />
    <UnitTestResult executionId="7788c71a-c11a-4900-97bf-b7c402932299" testId="862fef45-c7b2-c091-ee8d-4b569060741f" testName="ValentinesDayTests.Rate Korean restaurant" computerName="KARCAG-PC" duration="00:00:00.0003624" startTime="2023-04-09T13:11:28.5926305+02:00" endTime="2023-04-09T13:11:28.5926305+02:00" testType="13cdc9d9-ddb5-4fa4-a97d-d965ccfc6d4b" outcome="Passed" testListId="8c84fa94-04c1-424b-9868-57a2d4851a1d" relativeResultsDirectory="7788c71a-c11a-4900-97bf-b7c402932299" />
    <UnitTestResult executionId="045518c8-4d56-4e5e-bb8b-6461e1e9a1bb" testId="e8b50448-c87c-5cb7-79d0-8de77ea69b05" testName="ValentinesDayTests.Rate walk of 3 kilometers" computerName="KARCAG-PC" duration="00:00:00.0002875" startTime="2023-04-09T13:11:28.5926749+02:00" endTime="2023-04-09T13:11:28.5926750+02:00" testType="13cdc9d9-ddb5-4fa4-a97d-d965ccfc6d4b" outcome="Passed" testListId="8c84fa94-04c1-424b-9868-57a2d4851a1d" relativeResultsDirectory="045518c8-4d56-4e5e-bb8b-6461e1e9a1bb" />
    <UnitTestResult executionId="f2536577-d7bb-4bf6-bda2-12f222091c87" testId="99fc3147-73b6-8293-bff9-a4b44047db1b" testName="ValentinesDayTests.Rate walk of 1 kilometer" computerName="KARCAG-PC" duration="00:00:00.0003615" startTime="2023-04-09T13:11:28.5700995+02:00" endTime="2023-04-09T13:11:28.5700995+02:00" testType="13cdc9d9-ddb5-4fa4-a97d-d965ccfc6d4b" outcome="Passed" testListId="8c84fa94-04c1-424b-9868-57a2d4851a1d" relativeResultsDirectory="f2536577-d7bb-4bf6-bda2-12f222091c87" />
  </Results>
  <TestDefinitions>
    <UnitTest name="ValentinesDayTests.Rate romance movie" storage="t:\repositories\myexercism\fsharp\valentines-day\bin\debug\net7.0\valentinesday.dll" id="a293173a-581b-1322-9676-2bd25a5cf116">
      <Execution id="1f50db97-02b2-4eea-b1e5-abac0d82c0b5" />
      <TestMethod codeBase="t:\Repositories\MyExercism\fsharp\valentines-day\bin\Debug\net7.0\ValentinesDay.dll" adapterTypeName="executor://xunit/VsTestRunner2/netcoreapp" className="ValentinesDayTests" name="Rate romance movie" />
    </UnitTest>
    <UnitTest name="ValentinesDayTests.Rate chilling" storage="t:\repositories\myexercism\fsharp\valentines-day\bin\debug\net7.0\valentinesday.dll" id="395ebd10-a26f-adc4-3b1a-75599377ccf6">
      <Execution id="783da2b9-c7fb-453c-947a-9b4777cd3770" />
      <TestMethod codeBase="t:\Repositories\MyExercism\fsharp\valentines-day\bin\Debug\net7.0\ValentinesDay.dll" adapterTypeName="executor://xunit/VsTestRunner2/netcoreapp" className="ValentinesDayTests" name="Rate chilling" />
    </UnitTest>
    <UnitTest name="ValentinesDayTests.Rate Turkish restaurant" storage="t:\repositories\myexercism\fsharp\valentines-day\bin\debug\net7.0\valentinesday.dll" id="5600403c-053d-80dd-b0ed-25b14acec8e4">
      <Execution id="8ab6cf30-7985-49f5-881d-9be0fe4c141c" />
      <TestMethod codeBase="t:\Repositories\MyExercism\fsharp\valentines-day\bin\Debug\net7.0\ValentinesDay.dll" adapterTypeName="executor://xunit/VsTestRunner2/netcoreapp" className="ValentinesDayTests" name="Rate Turkish restaurant" />
    </UnitTest>
    <UnitTest name="ValentinesDayTests.Rate walk of 2 kilometers" storage="t:\repositories\myexercism\fsharp\valentines-day\bin\debug\net7.0\valentinesday.dll" id="ccbcb7c1-43d7-83d3-ea5b-83c55d87a277">
      <Execution id="79ac43b6-366b-4887-ac5a-26092725bba1" />
      <TestMethod codeBase="t:\Repositories\MyExercism\fsharp\valentines-day\bin\Debug\net7.0\ValentinesDay.dll" adapterTypeName="executor://xunit/VsTestRunner2/netcoreapp" className="ValentinesDayTests" name="Rate walk of 2 kilometers" />
    </UnitTest>
    <UnitTest name="ValentinesDayTests.Rate horror movie" storage="t:\repositories\myexercism\fsharp\valentines-day\bin\debug\net7.0\valentinesday.dll" id="c35a3084-bbb6-41a5-1584-5cc86344223b">
      <Execution id="ba69d3bf-d022-4249-a13d-88f033026206" />
      <TestMethod codeBase="t:\Repositories\MyExercism\fsharp\valentines-day\bin\Debug\net7.0\ValentinesDay.dll" adapterTypeName="executor://xunit/VsTestRunner2/netcoreapp" className="ValentinesDayTests" name="Rate horror movie" />
    </UnitTest>
    <UnitTest name="ValentinesDayTests.Rate board game" storage="t:\repositories\myexercism\fsharp\valentines-day\bin\debug\net7.0\valentinesday.dll" id="89028f87-cca5-1fb1-7e21-32b99afb000e">
      <Execution id="54b40e90-5d89-48cf-b49d-6620c4600f0c" />
      <TestMethod codeBase="t:\Repositories\MyExercism\fsharp\valentines-day\bin\Debug\net7.0\ValentinesDay.dll" adapterTypeName="executor://xunit/VsTestRunner2/netcoreapp" className="ValentinesDayTests" name="Rate board game" />
    </UnitTest>
    <UnitTest name="ValentinesDayTests.Rate walk of 3 kilometers" storage="t:\repositories\myexercism\fsharp\valentines-day\bin\debug\net7.0\valentinesday.dll" id="e8b50448-c87c-5cb7-79d0-8de77ea69b05">
      <Execution id="045518c8-4d56-4e5e-bb8b-6461e1e9a1bb" />
      <TestMethod codeBase="t:\Repositories\MyExercism\fsharp\valentines-day\bin\Debug\net7.0\ValentinesDay.dll" adapterTypeName="executor://xunit/VsTestRunner2/netcoreapp" className="ValentinesDayTests" name="Rate walk of 3 kilometers" />
    </UnitTest>
    <UnitTest name="ValentinesDayTests.Rate Korean restaurant" storage="t:\repositories\myexercism\fsharp\valentines-day\bin\debug\net7.0\valentinesday.dll" id="862fef45-c7b2-c091-ee8d-4b569060741f">
      <Execution id="7788c71a-c11a-4900-97bf-b7c402932299" />
      <TestMethod codeBase="t:\Repositories\MyExercism\fsharp\valentines-day\bin\Debug\net7.0\ValentinesDay.dll" adapterTypeName="executor://xunit/VsTestRunner2/netcoreapp" className="ValentinesDayTests" name="Rate Korean restaurant" />
    </UnitTest>
    <UnitTest name="ValentinesDayTests.Rate walk of 1 kilometer" storage="t:\repositories\myexercism\fsharp\valentines-day\bin\debug\net7.0\valentinesday.dll" id="99fc3147-73b6-8293-bff9-a4b44047db1b">
      <Execution id="f2536577-d7bb-4bf6-bda2-12f222091c87" />
      <TestMethod codeBase="t:\Repositories\MyExercism\fsharp\valentines-day\bin\Debug\net7.0\ValentinesDay.dll" adapterTypeName="executor://xunit/VsTestRunner2/netcoreapp" className="ValentinesDayTests" name="Rate walk of 1 kilometer" />
    </UnitTest>
    <UnitTest name="ValentinesDayTests.Rate walk over 5 kilometers" storage="t:\repositories\myexercism\fsharp\valentines-day\bin\debug\net7.0\valentinesday.dll" id="eb78a280-d9ba-3299-b304-aa4ba7b80ad3">
      <Execution id="1711b18b-66da-48c1-a3f9-a8fa7b16a0bb" />
      <TestMethod codeBase="t:\Repositories\MyExercism\fsharp\valentines-day\bin\Debug\net7.0\ValentinesDay.dll" adapterTypeName="executor://xunit/VsTestRunner2/netcoreapp" className="ValentinesDayTests" name="Rate walk over 5 kilometers" />
    </UnitTest>
    <UnitTest name="ValentinesDayTests.Rate walk of 4 kilometers" storage="t:\repositories\myexercism\fsharp\valentines-day\bin\debug\net7.0\valentinesday.dll" id="a5926dde-360f-68e9-5e41-a167f8fc96ce">
      <Execution id="5228d065-e5fe-461b-beba-ba64036be4a8" />
      <TestMethod codeBase="t:\Repositories\MyExercism\fsharp\valentines-day\bin\Debug\net7.0\ValentinesDay.dll" adapterTypeName="executor://xunit/VsTestRunner2/netcoreapp" className="ValentinesDayTests" name="Rate walk of 4 kilometers" />
    </UnitTest>
    <UnitTest name="ValentinesDayTests.Rate crime movie" storage="t:\repositories\myexercism\fsharp\valentines-day\bin\debug\net7.0\valentinesday.dll" id="ecd00fde-3a5c-c5e1-a70a-af41263dd8ca">
      <Execution id="cb0f8d75-a24b-4b8a-b46f-54068e6992d0" />
      <TestMethod codeBase="t:\Repositories\MyExercism\fsharp\valentines-day\bin\Debug\net7.0\ValentinesDay.dll" adapterTypeName="executor://xunit/VsTestRunner2/netcoreapp" className="ValentinesDayTests" name="Rate crime movie" />
    </UnitTest>
    <UnitTest name="ValentinesDayTests.Rate walk of 5 kilometers" storage="t:\repositories\myexercism\fsharp\valentines-day\bin\debug\net7.0\valentinesday.dll" id="28ae8385-bec4-fc6b-ee7f-a23b4f6eca4c">
      <Execution id="5319882f-2a00-4d3e-b602-e3d3d592f876" />
      <TestMethod codeBase="t:\Repositories\MyExercism\fsharp\valentines-day\bin\Debug\net7.0\ValentinesDay.dll" adapterTypeName="executor://xunit/VsTestRunner2/netcoreapp" className="ValentinesDayTests" name="Rate walk of 5 kilometers" />
    </UnitTest>
    <UnitTest name="ValentinesDayTests.Rate thriller movie" storage="t:\repositories\myexercism\fsharp\valentines-day\bin\debug\net7.0\valentinesday.dll" id="cbb8a0fc-bc4a-a5de-8834-63c4589d0f60">
      <Execution id="bfd1bb03-4cf7-401a-9b0f-f0bb579493b3" />
      <TestMethod codeBase="t:\Repositories\MyExercism\fsharp\valentines-day\bin\Debug\net7.0\ValentinesDay.dll" adapterTypeName="executor://xunit/VsTestRunner2/netcoreapp" className="ValentinesDayTests" name="Rate thriller movie" />
    </UnitTest>
  </TestDefinitions>
  <TestEntries>
    <TestEntry testId="89028f87-cca5-1fb1-7e21-32b99afb000e" executionId="54b40e90-5d89-48cf-b49d-6620c4600f0c" testListId="8c84fa94-04c1-424b-9868-57a2d4851a1d" />
    <TestEntry testId="a5926dde-360f-68e9-5e41-a167f8fc96ce" executionId="5228d065-e5fe-461b-beba-ba64036be4a8" testListId="8c84fa94-04c1-424b-9868-57a2d4851a1d" />
    <TestEntry testId="5600403c-053d-80dd-b0ed-25b14acec8e4" executionId="8ab6cf30-7985-49f5-881d-9be0fe4c141c" testListId="8c84fa94-04c1-424b-9868-57a2d4851a1d" />
    <TestEntry testId="cbb8a0fc-bc4a-a5de-8834-63c4589d0f60" executionId="bfd1bb03-4cf7-401a-9b0f-f0bb579493b3" testListId="8c84fa94-04c1-424b-9868-57a2d4851a1d" />
    <TestEntry testId="28ae8385-bec4-fc6b-ee7f-a23b4f6eca4c" executionId="5319882f-2a00-4d3e-b602-e3d3d592f876" testListId="8c84fa94-04c1-424b-9868-57a2d4851a1d" />
    <TestEntry testId="a293173a-581b-1322-9676-2bd25a5cf116" executionId="1f50db97-02b2-4eea-b1e5-abac0d82c0b5" testListId="8c84fa94-04c1-424b-9868-57a2d4851a1d" />
    <TestEntry testId="eb78a280-d9ba-3299-b304-aa4ba7b80ad3" executionId="1711b18b-66da-48c1-a3f9-a8fa7b16a0bb" testListId="8c84fa94-04c1-424b-9868-57a2d4851a1d" />
    <TestEntry testId="c35a3084-bbb6-41a5-1584-5cc86344223b" executionId="ba69d3bf-d022-4249-a13d-88f033026206" testListId="8c84fa94-04c1-424b-9868-57a2d4851a1d" />
    <TestEntry testId="ccbcb7c1-43d7-83d3-ea5b-83c55d87a277" executionId="79ac43b6-366b-4887-ac5a-26092725bba1" testListId="8c84fa94-04c1-424b-9868-57a2d4851a1d" />
    <TestEntry testId="ecd00fde-3a5c-c5e1-a70a-af41263dd8ca" executionId="cb0f8d75-a24b-4b8a-b46f-54068e6992d0" testListId="8c84fa94-04c1-424b-9868-57a2d4851a1d" />
    <TestEntry testId="395ebd10-a26f-adc4-3b1a-75599377ccf6" executionId="783da2b9-c7fb-453c-947a-9b4777cd3770" testListId="8c84fa94-04c1-424b-9868-57a2d4851a1d" />
    <TestEntry testId="862fef45-c7b2-c091-ee8d-4b569060741f" executionId="7788c71a-c11a-4900-97bf-b7c402932299" testListId="8c84fa94-04c1-424b-9868-57a2d4851a1d" />
    <TestEntry testId="e8b50448-c87c-5cb7-79d0-8de77ea69b05" executionId="045518c8-4d56-4e5e-bb8b-6461e1e9a1bb" testListId="8c84fa94-04c1-424b-9868-57a2d4851a1d" />
    <TestEntry testId="99fc3147-73b6-8293-bff9-a4b44047db1b" executionId="f2536577-d7bb-4bf6-bda2-12f222091c87" testListId="8c84fa94-04c1-424b-9868-57a2d4851a1d" />
  </TestEntries>
  <TestLists>
    <TestList name="Results Not in a List" id="8c84fa94-04c1-424b-9868-57a2d4851a1d" />
    <TestList name="All Loaded Results" id="19431567-8539-422a-85d7-44ee4e166bda" />
  </TestLists>
  <ResultSummary outcome="Completed">
    <Counters total="14" executed="14" passed="14" failed="0" error="0" timeout="0" aborted="0" inconclusive="0" passedButRunAborted="0" notRunnable="0" notExecuted="0" disconnected="0" warning="0" completed="0" inProgress="0" pending="0" />
    <Output>
      <StdOut>[xUnit.net 00:00:00.00] xUnit.net VSTest Adapter v2.4.3+1b45f5407b (64-bit .NET 7.0.4)&#xD;
[xUnit.net 00:00:00.26]   Discovering: ValentinesDay&#xD;
[xUnit.net 00:00:00.28]   Discovered:  ValentinesDay&#xD;
[xUnit.net 00:00:00.29]   Starting:    ValentinesDay&#xD;
[xUnit.net 00:00:00.37]   Finished:    ValentinesDay&#xD;
</StdOut>
    </Output>
  </ResultSummary>
</TestRun>